// Vitest Snapshot v1, https://vitest.dev/guide/snapshot.html

exports[`swatch > should return properly with #808080 and { monochromatic: true } 1`] = `
{
  "100": "#dbdbdb",
  "200": "#c7c7c7",
  "300": "#b4b4b4",
  "400": "#a1a1a1",
  "50": "#eeeeee",
  "500": "#8f8f8f",
  "600": "#6c6c6c",
  "700": "#4a4a4a",
  "800": "#2b2b2b",
  "900": "#0f0f0f",
}
`;

exports[`swatch > should return properly with #808080 and { monochromatic: true, scale: 'linear' } 1`] = `
{
  "100": "#dedede",
  "200": "#bebebe",
  "300": "#9e9e9e",
  "400": "#808080",
  "50": "#eeeeee",
  "500": "#717171",
  "600": "#484848",
  "700": "#2e2e2e",
  "800": "#161616",
  "900": "#030303",
}
`;

exports[`swatch > should return properly with #d4ffc7 and { variant: 'vibrant' } 1`] = `
{
  "100": "#badcb0",
  "200": "#a6cc9a",
  "300": "#92bb85",
  "400": "#7eab70",
  "50": "#cfedc6",
  "500": "#6a9b5b",
  "600": "#477a37",
  "700": "#23580c",
  "800": "#003800",
  "900": "#001900",
}
`;

exports[`swatch > should return properly with #ff0044 and { format: 'oklch' } 1`] = `
{
  "100": "oklch(77.501% 0.13274 17.72379)",
  "200": "oklch(73.333% 0.16458 17.94614)",
  "300": "oklch(69.382% 0.19753 18.25333)",
  "400": "oklch(65.898% 0.22875 19.29596)",
  "50": "oklch(82.125% 0.10047 17.92999)",
  "500": "oklch(62.793% 0.24556 20.02597)",
  "600": "oklch(53.942% 0.2175 22.4843)",
  "700": "oklch(43.997% 0.17909 26.56076)",
  "800": "oklch(33.799% 0.1387 29.23556)",
  "900": "oklch(23.089% 0.09475 29.23258)",
}
`;

exports[`swatch > should return properly with #ff0044 and { mode: 'dark' } 1`] = `
{
  "100": "#ff8188",
  "200": "#ff6b76",
  "300": "#ff5265",
  "400": "#ff3353",
  "50": "#ff969a",
  "500": "#fa1545",
  "600": "#c60029",
  "700": "#8c0009",
  "800": "#540000",
  "900": "#210000",
}
`;

exports[`swatch > should return properly with #ff0044 and { mode: 'light' } 1`] = `
{
  "100": "#ffa1a4",
  "200": "#ff858b",
  "300": "#ff6673",
  "400": "#ff415a",
  "50": "#ffbdbe",
  "500": "#fa1545",
  "600": "#d7002f",
  "700": "#b20016",
  "800": "#890000",
  "900": "#620000",
}
`;

exports[`swatch > should return properly with #ff0044 and undefined 1`] = `
{
  "100": "#ff9196",
  "200": "#ff7881",
  "300": "#ff5c6c",
  "400": "#ff3b56",
  "50": "#ffaaac",
  "500": "#fa1545",
  "600": "#cf002c",
  "700": "#9e0010",
  "800": "#6e0000",
  "900": "#3f0000",
}
`;

exports[`swatch > should return properly with hsl(136 100% 50%) and { scale: 'linear' } 1`] = `
{
  "100": "hsl(123.84 74.85% 67.25%)",
  "200": "hsl(129.71 70.04% 48.43%)",
  "300": "hsl(120 100% 36.47%)",
  "400": "hsl(120 100% 30.59%)",
  "50": "hsl(122.7 86.05% 74.71%)",
  "500": "hsl(120 100% 27.84%)",
  "600": "hsl(120 100% 18.63%)",
  "700": "hsl(120 100% 12.55%)",
  "800": "hsl(120 100% 7.06%)",
  "900": "hsl(120 100% 1.76%)",
}
`;

exports[`swatch > should return properly with hsl(136 100% 50%) and { variant: 'deep' } 1`] = `
{
  "100": "hsl(122.31 57.78% 64.71%)",
  "200": "hsl(125.91 51.97% 49.8%)",
  "300": "hsl(130.78 100% 32.75%)",
  "400": "hsl(130.07 100% 26.86%)",
  "50": "hsl(120.71 75.22% 77.84%)",
  "500": "hsl(125.61 100% 20.98%)",
  "600": "hsl(120 100% 16.27%)",
  "700": "hsl(120 100% 11.76%)",
  "800": "hsl(120 100% 7.45%)",
  "900": "hsl(120 100% 3.33%)",
}
`;

exports[`swatch > should return properly with hsl(136 100% 50%) and undefined 1`] = `
{
  "100": "hsl(123.75 73.56% 65.88%)",
  "200": "hsl(126.67 67.4% 55.49%)",
  "300": "hsl(133 100% 39.8%)",
  "400": "hsl(120 100% 37.06%)",
  "50": "hsl(122.7 86.05% 74.71%)",
  "500": "hsl(120 100% 33.73%)",
  "600": "hsl(120 100% 27.06%)",
  "700": "hsl(120 100% 19.61%)",
  "800": "hsl(120 100% 12.35%)",
  "900": "hsl(120 100% 5.49%)",
}
`;

exports[`swatch > should return properly with oklab(70.622% 0.1374 0.14283) and { variant: 'neutral' } 1`] = `
{
  "100": "oklab(86.096% 0.04475 0.04542)",
  "200": "oklab(80.642% 0.04967 0.0531)",
  "300": "oklab(74.893% 0.05615 0.05733)",
  "400": "oklab(69.373% 0.0621 0.06414)",
  "50": "oklab(91.211% 0.03277 0.03826)",
  "500": "oklab(63.844% 0.06882 0.06982)",
  "600": "oklab(52.655% 0.07396 0.07599)",
  "700": "oklab(40.986% 0.07954 0.08181)",
  "800": "oklab(29.255% 0.09585 0.05873)",
  "900": "oklab(20.411% 0.07309 0.0409)",
}
`;

exports[`swatch > should return properly with oklab(70.622% 0.1374 0.14283) and undefined 1`] = `
{
  "100": "oklab(81.046% 0.07526 0.09395)",
  "200": "oklab(77.081% 0.09819 0.1096)",
  "300": "oklab(73.053% 0.11783 0.12342)",
  "400": "oklab(67.89% 0.12845 0.13399)",
  "50": "oklab(85.078% 0.05381 0.07899)",
  "500": "oklab(62.878% 0.13656 0.12701)",
  "600": "oklab(52.709% 0.14047 0.10618)",
  "700": "oklab(41.268% 0.14075 0.08278)",
  "800": "oklab(31.601% 0.11316 0.06333)",
  "900": "oklab(21.882% 0.07836 0.04385)",
}
`;

exports[`swatch > should return properly with oklch(0.65 0.3 27.34) and undefined 1`] = `
{
  "100": "oklch(75.004% 0.15078 27.9672)",
  "200": "oklch(70.526% 0.18655 27.38647)",
  "300": "oklch(66.212% 0.22451 26.78076)",
  "400": "oklch(62.866% 0.25672 27.69898)",
  "50": "oklch(79.816% 0.11611 29.56984)",
  "500": "oklch(62.796% 0.25768 29.23494)",
  "600": "oklch(56.17% 0.2305 29.23399)",
  "700": "oklch(45.941% 0.18852 29.23408)",
  "800": "oklch(35.101% 0.14403 29.23272)",
  "900": "oklch(24.043% 0.09866 29.23059)",
}
`;

exports[`swatch > should return properly with oklch(47.642% 0.29956 274.93693) and { variant: 'pastel' } 1`] = `
{
  "100": "oklch(86.408% 0.05776 275.40459)",
  "200": "oklch(80.83% 0.06482 274.13159)",
  "300": "oklch(75.114% 0.07294 275.71216)",
  "400": "oklch(69.647% 0.07918 274.31657)",
  "50": "oklch(91.765% 0.03941 271.4539)",
  "500": "oklch(64.006% 0.08826 274.67254)",
  "600": "oklch(52.888% 0.09832 274.90108)",
  "700": "oklch(40.998% 0.10814 274.67828)",
  "800": "oklch(28.994% 0.11556 275.18321)",
  "900": "oklch(18.34% 0.11613 274.06382)",
}
`;

exports[`swatch > should return properly with oklch(47.642% 0.29956 274.93693) and undefined 1`] = `
{
  "100": "oklch(79.054% 0.10546 271.3475)",
  "200": "oklch(73.677% 0.13609 274.27729)",
  "300": "oklch(68.287% 0.16828 276.1334)",
  "400": "oklch(62.879% 0.20214 277.62742)",
  "50": "oklch(84.359% 0.07693 266.87057)",
  "500": "oklch(58.47% 0.23007 277.6631)",
  "600": "oklch(52.438% 0.26744 274.9702)",
  "700": "oklch(41.056% 0.24206 274.90576)",
  "800": "oklch(31.178% 0.19711 274.26249)",
  "900": "oklch(22.822% 0.14318 275.20928)",
}
`;

exports[`swatch > should return properly with rgb(255 230 109) and { variant: 'subtle' } 1`] = `
{
  "100": "rgb(218 216 205)",
  "200": "rgb(200 197 185)",
  "300": "rgb(182 179 165)",
  "400": "rgb(164 160 145)",
  "50": "rgb(237 235 226)",
  "500": "rgb(147 143 123)",
  "600": "rgb(115 108 76)",
  "700": "rgb(84 74 26)",
  "800": "rgb(55 42 0)",
  "900": "rgb(29 11 0)",
}
`;

exports[`swatch > should return properly with rgb(255 230 109) and undefined 1`] = `
{
  "100": "rgb(222 206 131)",
  "200": "rgb(207 189 104)",
  "300": "rgb(191 172 74)",
  "400": "rgb(177 154 37)",
  "50": "rgb(237 224 158)",
  "500": "rgb(161 138 0)",
  "600": "rgb(129 105 0)",
  "700": "rgb(96 72 0)",
  "800": "rgb(63 39 0)",
  "900": "rgb(32 8 0)",
}
`;
